; planned --> naming issue
; https://github.com/BanzaiTokyo/webhostinghub-glyphs
; https://github.com/dmitrybaranovskiy/raphael
; https://github.com/kudakurage/LigatureSymbols
; https://github.com/BeardedBear/bearded-icons
; https://github.com/aastrong/themify-icons.scss
; https://github.com/dkanada/frost
; not planned (linux theme) --> complex names issue
; https://github.com/vinceliuice/Tela-icon-theme
; https://github.com/vinceliuice/Tela-circle-icon-theme
; https://github.com/vinceliuice/Colloid-icon-theme
; https://github.com/vinceliuice/WhiteSur-icon-theme
; https://github.com/vinceliuice/Qogir-icon-theme
; https://github.com/vinceliuice/Canta-theme
; https://github.com/vinceliuice/Layan-kde
; https://github.com/vinceliuice/Layan-kde
; https://github.com/numixproject/numix-icon-theme
; https://github.com/numixproject/numix-icon-theme-circle
; https://github.com/numixproject/numix-icon-theme-square
; https://github.com/fabianalexisinostroza/Kuyen-icons
; https://github.com/fabianalexisinostroza/Antu-icons
; https://github.com/daniruiz/flat-remix
; https://github.com/EliverLara/candy-icons
; https://github.com/yeyushengfan258/Reversal-icon-theme
; https://github.com/TaylanTatli/Sevi
; https://github.com/kuroehanako/Cobalt-icons
; https://github.com/pop-os/icon-theme
; https://github.com/PapirusDevelopmentTeam/papirus-icon-theme
; https://github.com/L4ki/Breeze-Noir-Icons
; https://github.com/rudrab/Shadow
; https://github.com/kuroehanako/Stylish-icon-theme
; https://github.com/EliverLara/Sweet
; https://github.com/Nitrux/luv-icon-theme
; https://github.com/zayronxio/Zafiro-icons
; https://github.com/alvatip/Nordzy-icon
; https://github.com/nestoris/Win98SE
; https://github.com/elementary/icons
; https://github.com/L4ki/Breeze-Chameleon-Icons
; https://github.com/KDE/breeze-icons
; not planned --> duplicates
; https://gitlab.com/catamphetamine/country-flag-icons
; https://github.com/linuxmint/mint-y-icons
; https://github.com/pl453s/gnomint-icon-theme
; https://github.com/Decathlon/vitamin-web
; not planned --> brand license issue
; https://github.com/benc-uk/icon-collection
; https://github.com/aegis-icons/aegis-icons
; https://github.com/icongo/bank-logos
; https://github.com/VectorLogoZone/vectorlogozone
; https://github.com/raivo-otp/issuer-icons
; https://github.com/xtoolkit/Micon
; not planned --> license issue
; https://github.com/PrestaShop/prestashop-icon-font
; https://github.com/olimsaidov/pixeden-stroke-7-icon
; https://github.com/elax46/custom-brand-icons
; https://github.com/arallsopp/hass-hue-icons
; https://github.com/lucky-yoolk/icons-flat-osx
https://github.com/twbs/icons bootstrap-icons
https://github.com/marella/material-symbols
https://github.com/marella/material-design-icons
https://github.com/feathericons/feather
https://github.com/primer/octicons
https://github.com/iconic/open-iconic
https://github.com/danklammer/bytesize-icons
https://github.com/amitjakhu/dripicons
https://github.com/FortAwesome/Font-Awesome
https://github.com/ionic-team/ionicons
https://github.com/erikflowers/weather-icons
https://github.com/tailwindlabs/heroicons
https://github.com/edent/SuperTinyIcons
https://github.com/simple-icons/simple-icons
https://github.com/tabler/tabler-icons
https://github.com/Templarian/MaterialDesign
https://github.com/astrit/css.gg
https://github.com/dovy/elusive-iconfont
https://github.com/gilbarbara/logos
https://github.com/akveo/eva-icons
https://github.com/bytedance/IconPark
https://github.com/devicons/devicon
https://github.com/evil-icons/evil-icons
https://github.com/Remix-Design/RemixIcon
https://github.com/microsoft/fluentui-system-icons
https://github.com/mikolajdobrucki/ikonate
https://github.com/vscode-icons/vscode-icons
https://github.com/mariuszostrowski/subway
https://github.com/lucaburgio/iconoir
https://github.com/vorillaz/devicons
https://github.com/spothq/cryptocurrency-icons
https://github.com/djaiss/mapsicon
https://github.com/icons8/flat-color-icons
https://github.com/lipis/flag-icons
https://github.com/madebybowtie/FlagKit
https://github.com/atisawd/boxicons
https://github.com/Keyamoon/IcoMoon-Free
https://github.com/stephenhutchings/typicons.font
https://github.com/coreui/coreui-icons
https://github.com/teenyicons/teenyicons
https://github.com/mapbox/maki
https://github.com/thesabbir/simple-line-icons
https://github.com/snwh/paper-icon-theme
https://github.com/smcllns/css-social-buttons
https://github.com/phosphor-icons/phosphor-icons
https://github.com/Iconscout/unicons
https://github.com/scottdejonge/map-icons
https://github.com/icons8/line-awesome
https://github.com/radix-ui/icons radix-icons
https://github.com/vinceliuice/Tela-icon-theme
https://github.com/Templarian/WindowsIcons
https://github.com/pfefferle/openwebicons
https://github.com/jxnblk/geomicons-open
https://github.com/AllienWorks/cryptocoins
https://github.com/numixproject/numix-icon-theme
https://github.com/olton/Metro-UI-CSS
https://github.com/xiangsudian/CaoMei
https://github.com/game-icons/icons game-icons
https://github.com/microsoft/vscode-icons visual-studio-code-icons
https://github.com/muffinresearch/payment-icons
https://github.com/ant-design/ant-design-icons
https://github.com/jpswalsh/academicons
https://github.com/danielbruce/entypo
https://github.com/frexy/glyph-iconset
https://github.com/opoloo/androidicons
https://github.com/Lukas-W/font-logos
https://github.com/microsoft/vscode-codicons
https://github.com/AlexanderPoellmann/PaymentFont
https://github.com/carbon-design-system/carbon
https://github.com/jcubic/Clarity
https://github.com/halfmage/majesticons
https://github.com/dukestreetstudio/zondicons
https://github.com/halfmage/pixelarticons
https://github.com/CoreyGinnivan/system-uicons
https://github.com/krystonschwarze/coolicons
https://github.com/artcoholic/akar-icons
https://github.com/element-plus/element-plus-icons
https://gitlab.com/SUSE-UIUX/eos-icons
https://github.com/cyberalien/line-md
https://github.com/jaynewey/charm-icons
https://github.com/primefaces/primeicons
https://github.com/uiwjs/icons uiw-icons
https://github.com/Automattic/gridicons
https://github.com/mono-company/mono-icons
https://github.com/yourtempo/tempo-quill-icons
https://github.com/sisyphusion/gala-icons
https://github.com/michaelampr/jam
https://github.com/CyCraft/pepicons
https://github.com/wikimedia/oojs-ui
https://github.com/TiendaNube/nimbus-icons
https://github.com/Donnnno/Arcticons
https://github.com/file-icons/icons file-icons
https://github.com/fontello/brandico.font
https://github.com/chancancode/entypo-plus
https://github.com/HatScripts/circle-flags
https://github.com/Yummygum/flagpack-core
https://github.com/viglino/font-gis
https://github.com/fefanto/fontaudio
https://github.com/cugos/geoglyphs
https://github.com/resolvetosavelives/healthicons
https://github.com/samcome/webfont-medical-icons
https://github.com/WordPress/dashicons
https://github.com/zurb/foundation-icon-fonts
https://github.com/innowatio/iwwa-icons
https://github.com/kenangundogan/fontisto
https://github.com/pprince/etlinefont-bower
https://github.com/icons8/windows-10-icons
https://github.com/icons8/WPF-UI-Framework
https://github.com/designmodo/Flat-UI
https://github.com/Templarian/MaterialDesignLight
https://github.com/mozilla/fxemoji
https://github.com/joypixels/emojione-legacy
https://github.com/EmojiTwo/emojitwo
https://github.com/googlefonts/noto-emoji
https://github.com/twitter/twemoji
https://github.com/hfg-gmuend/openmoji
https://github.com/C1710/blobmoji
https://github.com/paomedia/small-n-flat
https://github.com/DiemenDesign/LibreICONS
https://github.com/Tencent/tdesign-icons
https://github.com/apancik/public-domain-icons
https://github.com/zraly/humbleicons
https://github.com/Richard9394/MingCute
https://github.com/microsoft/fluentui-emoji
https://github.com/grommet/grommet-icons
https://github.com/hashicorp/design-system
https://github.com/cjpatoilo/linearicons
https://github.com/webkul/vivid
https://github.com/LuanHimmlisch/icofont
https://github.com/elementor/elementor-icons
https://github.com/vaadin/web-components vaadin
https://github.com/neuicons/neu
https://github.com/instructure/instructure-ui
https://github.com/LawnchairLauncher/lawnicons
https://github.com/tandpfun/skill-icons
https://github.com/emblemicons/emblemicons.github.io
https://github.com/vmware/clarity-assets
https://gitlab.com/gitlab-org/gitlab-svgs
https://github.com/PKief/vscode-material-icon-theme
